== rstcoq2html ==
<?xml version="1.0" encoding="utf-8" ?>
<!DOCTYPE html PUBLIC "-//W3C//DTD XHTML 1.0 Transitional//EN" "http://www.w3.org/TR/xhtml1/DTD/xhtml1-transitional.dtd">
<html xmlns="http://www.w3.org/1999/xhtml" class="alectryon-standalone" xml:lang="en" lang="en">
<head>
<meta http-equiv="Content-Type" content="text/html; charset=utf-8" />
<meta name="generator" content="Docutils 0.19: https://docutils.sourceforge.io/" />
<title>docutils document without title</title>
<link rel="stylesheet" href="alectryon.css" type="text/css" />
<link rel="stylesheet" href="docutils_basic.css" type="text/css" />
<link rel="stylesheet" href="pygments.css" type="text/css" />
<script type="text/javascript" src="alectryon.js"></script>
<link rel="stylesheet" href="https://cdnjs.cloudflare.com/ajax/libs/IBM-type/0.5.4/css/ibm-type.min.css" integrity="sha512-sky5cf9Ts6FY1kstGOBHSybfKqdHR41M0Ldb0BjNiv3ifltoQIsg0zIaQ+wwdwgQ0w9vKFW7Js50lxH9vqNSSw==" crossorigin="anonymous" />
<link rel="stylesheet" href="https://cdnjs.cloudflare.com/ajax/libs/firacode/5.2.0/fira_code.min.css" integrity="sha512-MbysAYimH1hH2xYzkkMHB6MqxBqfP0megxsCLknbYqHVwXTCg9IqHbk+ZP/vnhO8UEW6PaXAkKe2vQ+SWACxxA==" crossorigin="anonymous" />
<meta name="viewport" content="width=device-width, initial-scale=1">
</head>
<body>
<div class="alectryon-root alectryon-centered"><div class="document">


<pre class="alectryon-io highlight"><!-- Generator: Alectryon --><span class="alectryon-sentence"><input class="alectryon-toggle" id="chk0" style="display: none" type="checkbox"><label class="alectryon-input" for="chk0"><span class="kn">Check</span> nat.</label><small class="alectryon-output"><div><div class="alectryon-messages"><blockquote class="alectryon-message">nat
     : <span class="kt">Set</span></blockquote></div></div></small></span></pre>
</div>
</div></body>
</html>
-- exit: 0 --

== coqrst2html ==
<?xml version="1.0" encoding="utf-8" ?>
<!DOCTYPE html PUBLIC "-//W3C//DTD XHTML 1.0 Transitional//EN" "http://www.w3.org/TR/xhtml1/DTD/xhtml1-transitional.dtd">
<html xmlns="http://www.w3.org/1999/xhtml" class="alectryon-standalone" xml:lang="en" lang="en">
<head>
<meta http-equiv="Content-Type" content="text/html; charset=utf-8" />
<meta name="generator" content="Docutils 0.19: https://docutils.sourceforge.io/" />
<title>docutils document without title</title>
<link rel="stylesheet" href="alectryon.css" type="text/css" />
<link rel="stylesheet" href="docutils_basic.css" type="text/css" />
<link rel="stylesheet" href="pygments.css" type="text/css" />
<script type="text/javascript" src="alectryon.js"></script>
<link rel="stylesheet" href="https://cdnjs.cloudflare.com/ajax/libs/IBM-type/0.5.4/css/ibm-type.min.css" integrity="sha512-sky5cf9Ts6FY1kstGOBHSybfKqdHR41M0Ldb0BjNiv3ifltoQIsg0zIaQ+wwdwgQ0w9vKFW7Js50lxH9vqNSSw==" crossorigin="anonymous" />
<link rel="stylesheet" href="https://cdnjs.cloudflare.com/ajax/libs/firacode/5.2.0/fira_code.min.css" integrity="sha512-MbysAYimH1hH2xYzkkMHB6MqxBqfP0megxsCLknbYqHVwXTCg9IqHbk+ZP/vnhO8UEW6PaXAkKe2vQ+SWACxxA==" crossorigin="anonymous" />
<meta name="viewport" content="width=device-width, initial-scale=1">
</head>
<body>
<div class="alectryon-root alectryon-centered"><div class="document">


<pre class="alectryon-io highlight"><!-- Generator: Alectryon --><span class="alectryon-sentence"><input class="alectryon-toggle" id="chk1" style="display: none" type="checkbox"><label class="alectryon-input" for="chk1"><span class="kn">Check</span> nat.</label><small class="alectryon-output"><div><div class="alectryon-messages"><blockquote class="alectryon-message">nat
     : <span class="kt">Set</span></blockquote></div></div></small></span></pre>
</div>
</div></body>
</html>
-- exit: 0 --

== rstcoq2latex ==
\documentclass[a4paper]{article}
% generated by Docutils <https://docutils.sourceforge.io/>
\usepackage{cmap} % fix search and cut-and-paste in Acrobat
\usepackage{ifthen}
\usepackage[T1]{fontenc}
\usepackage[utf8]{inputenc}

%%% Custom LaTeX preamble
% PDF Standard Fonts
\usepackage{mathptmx} % Times
\usepackage[scaled=.90]{helvet}
\usepackage{courier}

%%% User specified packages and stylesheets
\usepackage{alectryon}
\usepackage{pygments}

%%% Fallback definitions for Docutils-specific commands

% hyperlinks:
\ifthenelse{\isundefined{\hypersetup}}{
  \usepackage[colorlinks=true,linkcolor=blue,urlcolor=blue]{hyperref}
  \usepackage{bookmark}
  \urlstyle{same} % normal text font (alternatives: tt, rm, sf)
}{}

%%% Body
\begin{document}

\begin{alectryon}
  % Generator: Alectryon
  \sep
  \begin{sentence}
    \begin{input}
      \PY{k+kn}{Check}~\PY{n}{nat}\PY{o}{.}
    \end{input}
    \sep
    \begin{output}
      \begin{messages}
        \begin{message}
          \PY{n}{nat}\nl
          ~~~~~\PY{o}{:}~\PY{k+kt}{Set}
        \end{message}
      \end{messages}
    \end{output}
  \end{sentence}
\end{alectryon}

\end{document}
-- exit: 0 --

== coqrst2latex ==
\documentclass[a4paper]{article}
% generated by Docutils <https://docutils.sourceforge.io/>
\usepackage{cmap} % fix search and cut-and-paste in Acrobat
\usepackage{ifthen}
\usepackage[T1]{fontenc}
\usepackage[utf8]{inputenc}

%%% Custom LaTeX preamble
% PDF Standard Fonts
\usepackage{mathptmx} % Times
\usepackage[scaled=.90]{helvet}
\usepackage{courier}

%%% User specified packages and stylesheets
\usepackage{alectryon}
\usepackage{pygments}

%%% Fallback definitions for Docutils-specific commands

% hyperlinks:
\ifthenelse{\isundefined{\hypersetup}}{
  \usepackage[colorlinks=true,linkcolor=blue,urlcolor=blue]{hyperref}
  \usepackage{bookmark}
  \urlstyle{same} % normal text font (alternatives: tt, rm, sf)
}{}

%%% Body
\begin{document}

\begin{alectryon}
  % Generator: Alectryon
  \sep
  \begin{sentence}
    \begin{input}
      \PY{k+kn}{Check}~\PY{n}{nat}\PY{o}{.}
    \end{input}
    \sep
    \begin{output}
      \begin{messages}
        \begin{message}
          \PY{n}{nat}\nl
          ~~~~~\PY{o}{:}~\PY{k+kt}{Set}
        \end{message}
      \end{messages}
    \end{output}
  \end{sentence}
\end{alectryon}

\end{document}
-- exit: 0 --

