README.rst
Doctest: README.rst ... ok
make_ident (alectryon.coq.CoqIdents)
Doctest: alectryon.coq.CoqIdents.make_ident ... ok
split_fpath (alectryon.coq.CoqIdents)
Doctest: alectryon.coq.CoqIdents.split_fpath ... ok
annotate (alectryon.coqc_time.CoqcTime)
Doctest: alectryon.coqc_time.CoqcTime.annotate ... ok
split_fragment (alectryon.core.Document)
Doctest: alectryon.core.Document.split_fragment ... ok
split_fragments (alectryon.core.Document)
Doctest: alectryon.core.Document.split_fragments ... ok
strip_separators (alectryon.core.Document)
Doctest: alectryon.core.Document.strip_separators ... ok
translate_offset (alectryon.core.PosView)
Doctest: alectryon.core.PosView.translate_offset ... ok
DeduplicatingSerializer (alectryon.json)
Doctest: alectryon.json.DeduplicatingSerializer ... ok
FullyDeduplicatingSerializer (alectryon.json)
Doctest: alectryon.json.FullyDeduplicatingSerializer ... ok
PlainSerializer (alectryon.json)
Doctest: alectryon.json.PlainSerializer ... ok
annotate (alectryon.lean3.Lean3)
Doctest: alectryon.lean3.Lean3.annotate ... ok
step (alectryon.literate.CoqParser)
Doctest: alectryon.literate.CoqParser.step ... ok
DafnyParser (alectryon.literate)
Doctest: alectryon.literate.DafnyParser ... ok
step (alectryon.literate.LeanParser)
Doctest: alectryon.literate.LeanParser.step ... ok
__len__ (alectryon.literate.Line)
Doctest: alectryon.literate.Line.__len__ ... ok
_last_directive (alectryon.literate)
Doctest: alectryon.literate._last_directive ... ok
coq2rst (alectryon.literate)
Doctest: alectryon.literate.coq2rst ... ok
dafny2rst (alectryon.literate)
Doctest: alectryon.literate.dafny2rst ... ok
rst2coq (alectryon.literate)
Doctest: alectryon.literate.rst2coq ... ok
rst2dafny (alectryon.literate)
Doctest: alectryon.literate.rst2dafny ... ok
rst2lean3 (alectryon.literate)
Doctest: alectryon.literate.rst2lean3 ... ok
rst_partition (alectryon.literate)
Doctest: alectryon.literate.rst_partition ... ok
cli (alectryon.minimal)
Doctest: alectryon.minimal.cli ... ok
StripErrorsTokenFilter (alectryon.pygments)
Doctest: alectryon.pygments.StripErrorsTokenFilter ... ok
add_tokens (alectryon.pygments)
Doctest: alectryon.pygments.add_tokens ... ok
highlight_html (alectryon.pygments)
Doctest: alectryon.pygments.highlight_html ... ok
annotate (alectryon.serapi)
Doctest: alectryon.serapi.annotate ... ok
_all_sub_objects (alectryon.transforms)
Doctest: alectryon.transforms._all_sub_objects ... ok
_attach_comments_to_code (alectryon.transforms)
Doctest: alectryon.transforms._attach_comments_to_code ... ok
coalesce_text (alectryon.transforms)
Doctest: alectryon.transforms.coalesce_text ... ok
dedent (alectryon.transforms)
Doctest: alectryon.transforms.dedent ... ok
group_hypotheses (alectryon.transforms)
Doctest: alectryon.transforms.group_hypotheses ... ok
group_whitespace_with_code (alectryon.transforms)
Doctest: alectryon.transforms.group_whitespace_with_code ... ok
lean3_split_comments (alectryon.transforms)
Doctest: alectryon.transforms.lean3_split_comments ... ok
lean3_truncate_vernacs (alectryon.transforms)
Doctest: alectryon.transforms.lean3_truncate_vernacs ... ok
partition_fragments (alectryon.transforms)
Doctest: alectryon.transforms.partition_fragments ... ok

----------------------------------------------------------------------
Ran 37 tests

OK
