$PYTHON -m alectryon.literate -; echo $?
literate.py: error: Reading from standard input requires one of --coq2rst, --rst2coq, --lean32rst, --rst2lean3, --lean42rst, --rst2lean4, --dafny2rst, --rst2dafny.
2
$PYTHON -m alectryon.literate xyz.unsupported; echo $?
literate.py: error: Unexpected file extension: expected '.v', '.lean3', '.lean', '.dfy', '.rst', got '.unsupported'.
2
$ALECTRYON xyz.unsupported; echo $?
Exiting early due to an error; use --traceback to diagnose:
  input: Not sure what to do with 'xyz.unsupported'.
  Try passing --frontend?
1
$ALECTRYON xyz.v -o xyz.unsupported; echo $?
Exiting early due to an error; use --traceback to diagnose:
  output: Not sure what to do with 'xyz.unsupported'.
  Try passing --backend?
1
$ALECTRYON xyz.v.json -o xyz.rst; echo $?
Exiting early due to an error; use --traceback to diagnose:
  argument --backend: Frontend 'coq.json' does not support backend 'rst': expecting one of 'null', 'json', 'snippets-html', 'snippets-latex'
1
$ALECTRYON a.v.json b.v.json -o c.v.json; echo $?
alectryon.py: error: argument --output: Not valid with multiple inputs
2
$ALECTRYON a.v.json --stdin-filename b.v.json; echo $?
alectryon.py: error: argument --stdin-filename: input must be '-'
2
$ALECTRYON a.v.json --mark-point not_an_int âŠ™; echo $?
alectryon.py: error: argument --mark-point: Expecting a number, not 'not_an_int'
2
