Traceback (most recent call last):
  File …, line …, in <module>
  File …, line …, in main
  File …, line …, in process_pipelines
  File …, line …, in run_pipeline
  File …, line …, in call_pipeline_step
  File …, line …, in ctx_invoke
  File …, line …, in read_plain
FileNotFoundError: [Errno 2] No such file or directory: 'not_found.v'
