test_backend_gen (__main__.core) ... ok
test_validation (__main__.json) ... ok
test_styles (__main__.lsp) ... ok

----------------------------------------------------------------------
Ran 3 tests

OK
